// Jest Snapshot v1, https://goo.gl/fbAQLP

exports[`App component renders to match the snapshot 1`] = `
<body>
  <div>
    <div
      class="App"
    >
      <div
        class="App_background"
      >
        <div
          class="App_container"
        >
          <img
            alt="Hedwig Logo"
            class="logo"
            src="logo.png"
            title="Hedwig Logo"
          />
          <h2>
            Hello, How are you feeling today?
          </h2>
          <h3>
            Wednesday 01/01/2020
          </h3>
          <p
            class="helpText"
          >
            Please select from the options below
          </p>
          <div
            class="App_Button_Container"
          >
            <button
              class="EmojiButton"
              type="button"
            >
              <span
                aria-label="miserable"
                role="img"
              >
                😢
              </span>
            </button>
            <button
              class="EmojiButton"
              type="button"
            >
              <span
                aria-label="sad"
                role="img"
              >
                🙁
              </span>
            </button>
            <button
              class="EmojiButton"
              type="button"
            >
              <span
                aria-label="neutral"
                role="img"
              >
                😑
              </span>
            </button>
            <button
              class="EmojiButton"
              type="button"
            >
              <span
                aria-label="happy"
                role="img"
              >
                🙂
              </span>
            </button>
            <button
              class="EmojiButton"
              type="button"
            >
              <span
                aria-label="ecstatic"
                role="img"
              >
                🥳
              </span>
            </button>
          </div>
          <label
            class=""
            for="usernameInputTextBox"
          >
            Who are you?
          </label>
          <input
            class="UsernameEntry form-control-lg form-control"
            id="usernameInputTextBox"
            placeholder="Enter your name"
            type="text"
            value=""
          />
          <button
            class="submitButton btn btn-primary btn-lg disabled"
            disabled=""
            type="button"
          >
            Submit
          </button>
        </div>
        <button
          class="SwitchModeButton btn btn-link"
          type="button"
        >
          Manager? Click here to see team moods!
        </button>
      </div>
    </div>
  </div>
</body>
`;
