// Jest Snapshot v1, https://goo.gl/fbAQLP

exports[`EmojiButton component renders to match the snapshot 1`] = `
<body>
  <div>
    <button
      class="EmojiButton"
      type="button"
    >
      <span
        aria-label="test"
        role="img"
      >
        ðŸ§ª
      </span>
    </button>
  </div>
</body>
`;
